# Histogram
000000 000000	000000	000000	000000	000000	000000
000001 000000	000000	000000	000000	000000	000000
000002 000000	000000	000000	000000	000000	000000
000003 000000	000000	000000	000000	000000	000000
000004 000000	000000	009483	034132	038128	046446
000005 000000	000000	616435	897808	908017	911013
000006 000000	000000	269706	035948	031175	028229
000007 000003	000014	076591	013381	011207	008169
000008 001026	002839	016230	010919	006090	004584
000009 067108	573871	004581	003269	001518	000878
000010 892801	381664	001447	002049	000899	000299
000011 020788	012623	003041	001360	000816	000197
000012 009370	009497	001831	000644	000796	000078
000013 004850	004492	000344	000221	000338	000038
000014 001738	002053	000182	000105	000154	000020
000015 000808	004462	000070	000070	000142	000018
000016 000473	003989	000030	000045	000446	000011
000017 000327	002090	000014	000023	000244	000007
000018 000237	001027	000009	000015	000014	000006
000019 000183	000452	000003	000006	000009	000000
000020 000111	000311	000001	000004	000003	000001
000021 000073	000202	000002	000001	000000	000000
000022 000044	000127	000000	000000	000002	000000
000023 000026	000081	000000	000000	000000	000000
000024 000013	000069	000000	000000	000000	000000
000025 000008	000035	000000	000000	000000	000000
000026 000002	000033	000000	000000	000000	000000
000027 000006	000027	000000	000000	000001	000000
000028 000002	000017	000000	000000	000001	000000
000029 000000	000010	000000	000000	000000	000000
000030 000001	000006	000000	000000	000000	000000
000031 000000	000002	000000	000000	000000	000000
000032 000000	000001	000000	000000	000000	000000
000033 000000	000002	000000	000000	000000	000000
000034 000000	000002	000000	000000	000000	000000
000035 000001	000001	000000	000000	000000	000000
000036 000000	000000	000000	000000	000000	000000
000037 000000	000000	000000	000000	000000	000000
000038 000000	000001	000000	000000	000000	000000
000039 000000	000000	000000	000000	000000	000000
000040 000001	000000	000000	000000	000000	000000
000041 000000	000000	000000	000000	000000	000000
000042 000000	000000	000000	000000	000000	000000
000043 000000	000000	000000	000000	000000	000000
000044 000000	000000	000000	000000	000000	000000
000045 000000	000000	000000	000000	000000	000000
000046 000000	000000	000000	000000	000000	000000
000047 000000	000000	000000	000000	000000	000000
000048 000000	000000	000000	000000	000000	000000
000049 000000	000000	000000	000000	000000	000000
000050 000000	000000	000000	000000	000000	000000
000051 000000	000000	000000	000000	000000	000000
000052 000000	000000	000000	000000	000000	000000
000053 000000	000000	000000	000000	000000	000000
000054 000000	000000	000000	000000	000000	000000
000055 000000	000000	000000	000000	000000	000000
000056 000000	000000	000000	000000	000000	000000
000057 000000	000000	000000	000000	000000	000000
000058 000000	000000	000000	000000	000000	000000
000059 000000	000000	000000	000000	000000	000000
000060 000000	000000	000000	000000	000000	000000
000061 000000	000000	000000	000000	000000	000000
000062 000000	000000	000000	000000	000000	000000
000063 000000	000000	000000	000000	000000	000000
000064 000000	000000	000000	000000	000000	000000
000065 000000	000000	000000	000000	000000	000000
000066 000000	000000	000000	000000	000000	000000
000067 000000	000000	000000	000000	000000	000000
000068 000000	000000	000000	000000	000000	000000
000069 000000	000000	000000	000000	000000	000000
000070 000000	000000	000000	000000	000000	000000
000071 000000	000000	000000	000000	000000	000000
000072 000000	000000	000000	000000	000000	000000
000073 000000	000000	000000	000000	000000	000000
000074 000000	000000	000000	000000	000000	000000
000075 000000	000000	000000	000000	000000	000000
000076 000000	000000	000000	000000	000000	000000
000077 000000	000000	000000	000000	000000	000000
000078 000000	000000	000000	000000	000000	000000
000079 000000	000000	000000	000000	000000	000000
000080 000000	000000	000000	000000	000000	000000
000081 000000	000000	000000	000000	000000	000000
000082 000000	000000	000000	000000	000000	000000
000083 000000	000000	000000	000000	000000	000000
000084 000000	000000	000000	000000	000000	000000
000085 000000	000000	000000	000000	000000	000000
000086 000000	000000	000000	000000	000000	000000
000087 000000	000000	000000	000000	000000	000000
000088 000000	000000	000000	000000	000000	000000
000089 000000	000000	000000	000000	000000	000000
000090 000000	000000	000000	000000	000000	000000
000091 000000	000000	000000	000000	000000	000000
000092 000000	000000	000000	000000	000000	000000
000093 000000	000000	000000	000000	000000	000000
000094 000000	000000	000000	000000	000000	000000
000095 000000	000000	000000	000000	000000	000000
000096 000000	000000	000000	000000	000000	000000
000097 000000	000000	000000	000000	000000	000000
000098 000000	000000	000000	000000	000000	000000
000099 000000	000000	000000	000000	000000	000000
# Total: 001000000 001000000 001000000 001000000 001000000 000999994
# Min Latencies: 00007 00007 00004 00004 00004 00004
# Avg Latencies: 00010 00009 00005 00005 00005 00005
# Max Latencies: 00040 00038 00021 00021 00028 00020
# Histogram Overflows: 00000 00000 00000 00000 00000 00000
# Histogram Overflow at cycle number:
# Thread 0:
# Thread 1:
# Thread 2:
# Thread 3:
# Thread 4:
# Thread 5:
