# Histogram
000000 000000	000000	000000	000000
000001 000000	000000	000000	000000
000002 000000	000000	000000	000000
000003 000000	000000	000000	000000
000004 000000	000000	000000	000000
000005 627873	706342	598634	551587
000006 040081	011599	028807	082471
000007 005986	000534	000491	000514
000008 005914	000010	000020	000031
000009 000413	000001	000000	000000
000010 000155	000000	000000	000000
000011 000169	000000	000000	000502
000012 000747	000432	001161	009303
000013 035326	010951	030303	055371
000014 070561	032039	055140	090666
000015 084322	043218	061007	065627
000016 052579	041834	055209	040229
000017 027722	039472	039797	026133
000018 016266	031042	029721	017767
000019 009742	022503	022378	013203
000020 006158	016838	018192	010504
000021 004203	011745	014693	008712
000022 002903	007832	010827	006931
000023 001948	006129	008439	005221
000024 001371	004681	006746	003947
000025 000985	003602	004865	002812
000026 000776	002661	003418	002008
000027 000591	001876	002553	001580
000028 000502	001354	002021	001281
000029 000429	000892	001512	000987
000030 000424	000703	001161	000663
000031 000384	000481	000831	000493
000032 000329	000338	000575	000358
000033 000281	000264	000402	000265
000034 000186	000208	000304	000178
000035 000165	000119	000210	000136
000036 000125	000072	000159	000121
000037 000101	000069	000114	000069
000038 000063	000044	000070	000055
000039 000047	000025	000055	000047
000040 000044	000015	000051	000039
000041 000028	000015	000036	000023
000042 000022	000015	000017	000011
000043 000016	000008	000011	000020
000044 000011	000003	000014	000015
000045 000005	000009	000010	000012
000046 000006	000002	000009	000012
000047 000014	000004	000008	000006
000048 000004	000003	000003	000005
000049 000002	000000	000001	000004
000050 000001	000001	000003	000002
000051 000004	000001	000001	000007
000052 000002	000001	000003	000003
000053 000004	000002	000003	000002
000054 000002	000001	000003	000001
000055 000003	000000	000000	000001
000056 000001	000002	000001	000000
000057 000000	000000	000001	000001
000058 000000	000001	000003	000001
000059 000000	000000	000000	000002
000060 000000	000002	000003	000000
000061 000001	000001	000000	000000
000062 000001	000000	000001	000000
000063 000001	000000	000000	000002
000064 000000	000000	000001	000000
000065 000000	000000	000000	000001
000066 000000	000000	000001	000001
000067 000001	000001	000000	000000
000068 000000	000000	000000	000002
000069 000000	000000	000000	000001
000070 000000	000000	000000	000001
000071 000000	000001	000001	000000
000072 000000	000001	000000	000000
000073 000000	000000	000000	000000
000074 000000	000000	000000	000000
000075 000000	000000	000000	000000
000076 000000	000000	000000	000001
000077 000000	000000	000000	000001
000078 000000	000001	000000	000000
000079 000000	000000	000000	000000
000080 000000	000000	000000	000001
000081 000000	000000	000000	000004
000082 000000	000000	000000	000001
000083 000000	000000	000000	000004
000084 000000	000000	000000	000002
000085 000000	000000	000000	000011
000086 000000	000000	000000	000006
000087 000000	000000	000000	000005
000088 000000	000000	000000	000007
000089 000000	000000	000000	000002
000090 000000	000000	000000	000001
000091 000000	000000	000000	000000
000092 000000	000000	000000	000000
000093 000000	000000	000000	000001
000094 000000	000000	000000	000000
000095 000000	000000	000000	000000
000096 000000	000000	000000	000000
000097 000000	000000	000000	000000
000098 000000	000000	000000	000000
000099 000000	000000	000000	000000
# Total: 001000000 001000000 001000000 000999994
# Min Latencies: 00005 00005 00005 00005
# Avg Latencies: 00008 00008 00009 00009
# Max Latencies: 00067 00078 00071 00093
# Histogram Overflows: 00000 00000 00000 00000
# Histogram Overflow at cycle number:
# Thread 0:
# Thread 1:
# Thread 2:
# Thread 3:
