# Histogram
000000 000000	000000
000001 000000	000000
000002 000000	000000
000003 000000	000000
000004 000000	000000
000005 000000	000000
000006 000000	000000
000007 000000	000000
000008 000000	000000
000009 000000	000000
000010 000000	000000
000011 000000	000000
000012 000000	000000
000013 000000	000000
000014 000000	000000
000015 000023	000000
000016 000099	000000
000017 000165	000000
000018 000128	000000
000019 000094	000000
000020 000084	000000
000021 000341	000006
000022 384454	443543
000023 187274	248932
000024 066193	061719
000025 074012	063217
000026 076693	059676
000027 057440	039907
000028 036823	022141
000029 024369	012289
000030 016974	008112
000031 013403	006536
000032 010543	005501
000033 008634	004707
000034 007057	003977
000035 005398	003256
000036 004520	002629
000037 003725	002127
000038 003048	001715
000039 002629	001460
000040 002091	001201
000041 001688	000913
000042 001473	000763
000043 001372	000671
000044 001110	000598
000045 000942	000438
000046 000836	000435
000047 000692	000372
000048 000535	000285
000049 000523	000240
000050 000467	000226
000051 000410	000210
000052 000339	000179
000053 000308	000161
000054 000265	000146
000055 000246	000148
000056 000221	000156
000057 000229	000121
000058 000192	000107
000059 000187	000122
000060 000167	000099
000061 000146	000087
000062 000131	000090
000063 000118	000081
000064 000116	000067
000065 000095	000047
000066 000099	000064
000067 000098	000051
000068 000054	000041
000069 000064	000040
000070 000065	000046
000071 000052	000032
000072 000043	000027
000073 000044	000024
000074 000048	000020
000075 000047	000022
000076 000038	000032
000077 000030	000020
000078 000034	000014
000079 000017	000017
000080 000026	000006
000081 000029	000010
000082 000015	000009
000083 000025	000016
000084 000015	000006
000085 000010	000001
000086 000016	000005
000087 000012	000007
000088 000009	000007
000089 000006	000003
000090 000008	000002
000091 000003	000000
000092 000006	000002
000093 000008	000002
000094 000007	000002
000095 000004	000003
000096 000004	000002
000097 000005	000001
000098 000003	000001
000099 000003	000004
# Total: 000999969 000999952
# Min Latencies: 00015 00021
# Avg Latencies: 00024 00023
# Max Latencies: 00161 00228
# Histogram Overflows: 00031 00010
# Histogram Overflow at cycle number:
# Thread 0: 03200 05845 42005 175308 186915 189317 260515 301269 351148 445668 567385 567505 568025 578678 590145 593385 622305 625585 635025 666159 666424 679419 789060 792693 830590 905953 908290 920949 926269 981276 998181
# Thread 1: 37020 150460 301914 397965 633674 634595 724349 895820 901315 926758
