# Histogram
000000 000000	000000
000001 000000	000000
000002 000000	000000
000003 000000	000000
000004 000000	000000
000005 000038	000000
000006 000124	000000
000007 052972	077270
000008 675087	742065
000009 118965	082655
000010 050595	058627
000011 026283	019763
000012 016884	011049
000013 011246	005195
000014 008411	001515
000015 007423	000636
000016 007031	000345
000017 005628	000250
000018 004123	000169
000019 003094	000104
000020 002546	000103
000021 002129	000059
000022 001585	000045
000023 001315	000035
000024 001022	000030
000025 000772	000020
000026 000588	000011
000027 000472	000010
000028 000382	000009
000029 000301	000004
000030 000199	000004
000031 000165	000002
000032 000126	000005
000033 000101	000002
000034 000075	000005
000035 000047	000000
000036 000054	000002
000037 000048	000001
000038 000037	000001
000039 000028	000003
000040 000015	000003
000041 000018	000001
000042 000011	000001
000043 000015	000000
000044 000005	000000
000045 000013	000000
000046 000005	000000
000047 000004	000000
000048 000002	000001
000049 000006	000000
000050 000003	000000
000051 000000	000000
000052 000001	000000
000053 000002	000000
000054 000001	000000
000055 000001	000000
000056 000000	000000
000057 000000	000000
000058 000001	000000
000059 000001	000000
000060 000000	000000
000061 000000	000000
000062 000000	000000
000063 000000	000000
000064 000000	000000
000065 000000	000000
000066 000000	000000
000067 000000	000000
000068 000000	000000
000069 000000	000000
000070 000000	000000
000071 000000	000000
000072 000000	000000
000073 000000	000000
000074 000000	000000
000075 000000	000000
000076 000000	000000
000077 000000	000000
000078 000000	000000
000079 000000	000000
000080 000000	000000
000081 000000	000000
000082 000000	000000
000083 000000	000000
000084 000000	000000
000085 000000	000000
000086 000000	000000
000087 000000	000000
000088 000000	000000
000089 000000	000000
000090 000000	000000
000091 000000	000000
000092 000000	000000
000093 000000	000000
000094 000000	000000
000095 000000	000000
000096 000000	000000
000097 000000	000000
000098 000000	000000
000099 000000	000000
# Total: 001000000 001000000
# Min Latencies: 00005 00007
# Avg Latencies: 00008 00008
# Max Latencies: 00059 00048
# Histogram Overflows: 00000 00000
# Histogram Overflow at cycle number:
# Thread 0:
# Thread 1:
